mobile-app/app/(tabs)/explore.tsx(4,29): error TS2307: Cannot find module '@/components/ui/collapsible' or its corresponding type declarations.
mobile-app/app/(tabs)/explore.tsx(5,30): error TS2307: Cannot find module '@/components/external-link' or its corresponding type declarations.
mobile-app/app/(tabs)/explore.tsx(6,32): error TS2307: Cannot find module '@/components/parallax-scroll-view' or its corresponding type declarations.
mobile-app/app/(tabs)/explore.tsx(7,28): error TS2307: Cannot find module '@/components/themed-text' or its corresponding type declarations.
mobile-app/app/(tabs)/explore.tsx(8,28): error TS2307: Cannot find module '@/components/themed-view' or its corresponding type declarations.
mobile-app/app/modal.tsx(4,28): error TS2307: Cannot find module '@/components/themed-text' or its corresponding type declarations.
mobile-app/app/modal.tsx(5,28): error TS2307: Cannot find module '@/components/themed-view' or its corresponding type declarations.
mobile-app/app/modal.tsx(11,22): error TS2322: Type '{ children: Element; href: string; dismissTo: true; style: { marginTop: number; paddingVertical: number; }; }' is not assignable to type 'IntrinsicAttributes & LinkProps & { children?: ReactNode; }'.
  Property 'dismissTo' does not exist on type 'IntrinsicAttributes & LinkProps & { children?: ReactNode; }'.
mobile-app/components/external-link.tsx(1,10): error TS2305: Module '"expo-router"' has no exported member 'Href'.
mobile-app/components/parallax-scroll-view.tsx(7,3): error TS2724: '"react-native-reanimated"' has no exported member named 'useScrollOffset'. Did you mean 'useScrollViewOffset'?
mobile-app/components/parallax-scroll-view.tsx(10,28): error TS2307: Cannot find module '@/components/themed-view' or its corresponding type declarations.
mobile-app/components/parallax-scroll-view.tsx(30,48): error TS2345: Argument of type '() => { transform: ({ translateY: number; scale?: undefined; } | { scale: number; translateY?: undefined; })[]; }' is not assignable to parameter of type '() => DefaultStyle'.
  Type '{ transform: ({ translateY: number; scale?: undefined; } | { scale: number; translateY?: undefined; })[]; }' is not assignable to type 'DefaultStyle'.
    Type '{ transform: ({ translateY: number; scale?: undefined; } | { scale: number; translateY?: undefined; })[]; }' is not assignable to type 'ImageStyle'.
      Types of property 'transform' are incompatible.
        Type '({ translateY: number; scale?: undefined; } | { scale: number; translateY?: undefined; })[]' is not assignable to type 'string | (({ perspective: AnimatableNumericValue; } & { scaleX?: never; scaleY?: never; translateX?: never; translateY?: never; rotate?: never; rotateX?: never; rotateY?: never; ... 4 more ...; matrix?: never; }) | ... 11 more ... | ({ ...; } & { ...; }))[]'.
          Type '({ translateY: number; scale?: undefined; } | { scale: number; translateY?: undefined; })[]' is not assignable to type '(({ perspective: AnimatableNumericValue; } & { scaleX?: never; scaleY?: never; translateX?: never; translateY?: never; rotate?: never; rotateX?: never; rotateY?: never; rotateZ?: never; scale?: never; skewX?: never; skewY?: never; matrix?: never; }) | ... 11 more ... | ({ ...; } & { ...; }))[]'.
            Type '{ translateY: number; scale?: undefined; } | { scale: number; translateY?: undefined; }' is not assignable to type '({ perspective: AnimatableNumericValue; } & { scaleX?: never; scaleY?: never; translateX?: never; translateY?: never; rotate?: never; rotateX?: never; rotateY?: never; rotateZ?: never; scale?: never; skewX?: never; skewY?: never; matrix?: never; }) | ... 11 more ... | ({ ...; } & { ...; })'.
              Type '{ translateY: number; scale?: undefined; }' is not assignable to type '({ perspective: AnimatableNumericValue; } & { scaleX?: never; scaleY?: never; translateX?: never; translateY?: never; rotate?: never; rotateX?: never; rotateY?: never; rotateZ?: never; scale?: never; skewX?: never; skewY?: never; matrix?: never; }) | ... 11 more ... | ({ ...; } & { ...; })'.
                Type '{ translateY: number; scale?: undefined; }' is not assignable to type '{ matrix: AnimatableNumericValue[]; } & { perspective?: never; scaleX?: never; scaleY?: never; translateX?: never; translateY?: never; rotate?: never; rotateX?: never; rotateY?: never; rotateZ?: never; scale?: never; skewX?: never; skewY?: never; }'.
                  Property 'matrix' is missing in type '{ translateY: number; scale?: undefined; }' but required in type '{ matrix: AnimatableNumericValue[]; }'.
mobile-app/components/ui/collapsible.tsx(4,28): error TS2307: Cannot find module '@/components/themed-text' or its corresponding type declarations.
mobile-app/components/ui/collapsible.tsx(5,28): error TS2307: Cannot find module '@/components/themed-view' or its corresponding type declarations.
mobile-app/components/ui/icon-symbol.tsx(8,27): error TS2344: Type 'SFSymbols7_0 | { ios?: SFSymbols7_0; android?: "function" | "files" | "language" | "settings" | "join" | "shift" | "sort" | "map" | "filter" | "pending" | ... 4044 more ... | "zoom_out_map"; web?: "function" | ... 4053 more ... | "zoom_out_map"; }' does not satisfy the constraint 'string | number | symbol'.
  Type '{ ios?: SFSymbols7_0; android?: "function" | "files" | "language" | "settings" | "join" | "shift" | "sort" | "map" | "filter" | "pending" | "light" | "error" | "search" | ... 4041 more ... | "zoom_out_map"; web?: "function" | ... 4053 more ... | "zoom_out_map"; }' is not assignable to type 'string | number | symbol'.
mobile-app/components/ui/icon-symbol.tsx(40,65): error TS2538: Type '{ ios?: SFSymbols7_0; android?: "function" | "files" | "language" | "settings" | "join" | "shift" | "sort" | "map" | "filter" | "pending" | "light" | "error" | "search" | ... 4041 more ... | "zoom_out_map"; web?: "function" | ... 4053 more ... | "zoom_out_map"; }' cannot be used as an index type.
